SELECT blog_id, post_id, post_date, is_sticky, post_title, post_modified, menu_order, user_group_visibility FROM (
            SELECT DISTINCT
            '1' AS blog_id,
            posts.ID AS post_id,
            posts.post_date,
            posts.post_title,
            posts.post_modified,
            posts.menu_order,
            CASE WHEN posts.ID IN (2) THEN 1 ELSE 0 END AS is_sticky,
            postmeta2.meta_value AS user_group_visibility
            FROM mun_posts posts
            LEFT JOIN mun_postmeta postmeta2 
            ON posts.ID = postmeta2.post_id AND postmeta2.meta_key = 'user-group-visibility'
            WHERE
            posts.post_type IN ('custom_post_type')
            AND posts.post_status IN ('publish')
            AND posts.post_date_gmt < NOW()
         UNION 
            SELECT DISTINCT
            '2' AS blog_id,
            posts.ID AS post_id,
            posts.post_date,
            posts.post_title,
            posts.post_modified,
            posts.menu_order,
            CASE WHEN posts.ID IN (2) THEN 1 ELSE 0 END AS is_sticky,
            postmeta2.meta_value AS user_group_visibility
            FROM mun_2_posts posts
            LEFT JOIN mun_2_postmeta postmeta2 
            ON posts.ID = postmeta2.post_id AND postmeta2.meta_key = 'user-group-visibility'
            WHERE
            posts.post_type IN ('custom_post_type')
            AND posts.post_status IN ('publish')
            AND posts.post_date_gmt < NOW()
        ) as posts WHERE user_group_visibility IS NULL ORDER BY is_sticky DESC, menu_order DESC